45x30
VOID:v
GRASS:g
TREE:t
ROCK:r
WATER:w
SPAWN:s

t t t t t t t t t t t t t t t t t t t t t t t t t t t t t t t t t t t t t t t t t t t t t 
t s g g g g g g g t g t t t t t t t t t t t t t t t t t t t t t t t t t t g g g g g g s t 
t t t t t t t t g t g t g g g g g t g g g g g g g t g g g g g g g g g g t t g t t t t g t 
t t t t t t t t g t g t t t t t g t g t t t g t g t t t g t t t t t t g t t g g g g t g t 
t g g g g g g t g t g g g g g g g t g t g t g t g t g g g t g g g t t g t t t t t t t g t 
t g t t t t g t g t g t t g t t t t g t g t g t g t g t g t t t g t t g g g g g g g t g t 
t g t t g g g t g t g t t g t t g t g t g t g t g t g t g g g t g t t t t t t t t g g g t 
t g t t g t t t g t g t g g g g g t g t g t g t g t g t g t t t g g g g g g g t t g t t t 
t t t t g t t t g t t t t t t t g g g g g t g t t t g t g t t t t t t t t t g t t g t g t 
t t g g g g g t g g g g g g t t t t t t t t g t g g g t g g g g g g g t g t g t t g t g t 
t t g t t t t t t t t t t g t t g g g g g g g t g t t t t t t t t t g t g t g g g g t g t 
t t g t t t t t t t t t t g t t g t t t t t g t g t g g g g g g g t g t g t g t t t t g t 
t t g t t g g g g g g g g g t t g t t t g g g t g t g t t t t t g t g t g t g t g g g g t 
t t g t t g t t t t t t t t t g g g g t g t t t g t g g g g t t g t g t g t g t t t t g t 
t g g g t g t t g g g t t g t g t t g t g t t t g t t t t g t t g t g t g g g g g g g g t 
t g t g t g t t g t g t t g t g t t g t g g g t g t t t t g t t g t g t t t t t t t t g t 
t g t g t g t t g t g g g g t g t t g t t t t t g g g t t g t t t t g g g g g g t g t g t 
t g t g t g t t g t t t t t t g t t g t t t t t t t g t t g t t t t t t t t t g t g t g t 
t g t g t g t t g g g g g g g g t t g t t g g g g t g t t g g g g g g g g g t g t g t g t 
t g t g g g t t t t t t t g t t t t g t t g t t g t g t t g t t t t t t t g t g t g g g t 
t t t g t g g g g g g g t g t g g g g g g g t t g t g t t g t t g g g g g g t g t t t t t 
t g t g t t t t t t t g t g t t t t t t t g t t g t g t t t t t g t t t t t t g g g g g t 
t g t g t g t g t t t g t t t t t t t g t g t t g g g g g g g g g t g g g g t g t t t g t 
t g t g t g t g g g t g g g g g g t t g t g t t t t t t t t t t t t g t t g t g g g t g t 
t g g g g g t g t t t t t t t t g t t g g g t t t t t t t t t t t t g t t g t g t g t g t 
t g t t t t t g g g g g g g g t g t t t g t t t g g g g g g g g t t g t t g t g t g t g t 
t g t t g t t g t t g t t t t t g t g g g g g t g t t t t t t g t t g t t g t t t t t g t 
t g t t g t t g t t g g g g g g g t t t t t t t g t t t t t t g t t g t t g g g g g g g t 
t s t t g g g g t t t t t t t t g g g g g g g g g t g g g g g g g g g t t g t t t t t s t 
t t t t t t t t t t t t t t t t t t t t t t t t t t t t t t t t t t t t t t t t t t t t t

com.github.TheDwoon.robots.game.items.Gun 22 15
com.github.TheDwoon.robots.game.items.Gun 4 4
com.github.TheDwoon.robots.game.items.Gun 40 25
com.github.TheDwoon.robots.game.items.Gun 5 25
com.github.TheDwoon.robots.game.items.Gun 40 5