45x30
VOID:v
GRASS:g
TREE:t
ROCK:r
WATER:w
SPAWN:s

r r r r r r r r r r r r r r r r r r r r r r r r r r r r r r r r r r r r r r r r r r r r r 
r s g g g g g g g t g t t t t t t t t t t t t t t t t t t t t t t t t t t g g g g g g s r 
r t t t t t t t g t g t g g g g g t g g g g g g g t g g g g g g g g g g t t g t t t t g r 
r t t t t t t t g t g t t t t t g t g t t t g t g t t t g t t t t t t g t t g g g g t g r 
r g g g g g g t g t g g g g g g g t g t g t g t g t g g g t g g g t t g t t t t t t t g r 
r g t t t t g t g t g t t g t t t t g t g t g t g t g t g t t t g t t g g g g g g g t g r 
r g t t g g g t g t g t t g t t g t g t g t g t g t g t g g g t g t t t t t t t t g g g r 
r g t t g t t t g t g t g g g g g t g t g t g t g t g t g t t t g g g g g g g t t g t t r 
r t t t g t t t g t t t t t t t g g g g g t g t t t g t g t t t t t t t t t g t t g t g r 
r t g g g g g t g g g g g g t t t t t t t t g t g g g t g g g g g g g t g t g t t g t g r 
r t g t t t t t t t t t t g t t g g g g g g g t g t t t t t t t t t g t g t g g g g t g r 
r t g t t t t t t t t t t g t t g t t t t t g t g t g g g g g g g t g t g t g t t t t g r 
r t g t t g g g g g g g g g t t g t t t g g g t g t g t t t t t g t g t g t g t g g g g r 
r t g t t g t t t t t t t t t g g g g t g t t t g t g g g g t t g t g t g t g t t t t g r 
r g g g t g t t g g g t t g t g t t g t g t t t g t t t t g t t g t g t g g g g g g g g r 
r g t g t g t t g t g t t g t g t t g t g g g t g t t t t g t t g t g t t t t t t t t g r 
r g t g t g t t g t g g g g t g t t g t t t t t g g g t t g t t t t g g g g g g t g t g r 
r g t g t g t t g t t t t t t g t t g t t t t t t t g t t g t t t t t t t t t g t g t g r 
r g t g t g t t g g g g g g g g t t g t t g g g g t g t t g g g g g g g g g t g t g t g r 
r g t g g g t t t t t t t g t t t t g t t g t t g t g t t g t t t t t t t g t g t g g g r 
r t t g t g g g g g g g t g t g g g g g g g t t g t g t t g t t g g g g g g t g t t t t r 
r g t g t t t t t t t g t g t t t t t t t g t t g t g t t t t t g t t t t t t g g g g g r 
r g t g t g t g t t t g t t t t t t t g t g t t g g g g g g g g g t g g g g t g t t t g r 
r g t g t g t g g g t g g g g g g t t g t g t t t t t t t t t t t t g t t g t g g g t g r 
r g g g g g t g t t t t t t t t g t t g g g t t t t t t t t t t t t g t t g t g t g t g r 
r g t t t t t g g g g g g g g t g t t t g t t t g g g g g g g g t t g t t g t g t g t g r 
r g t t g t t g t t g t t t t t g t g g g g g t g t t t t t t g t t g t t g t t t t t g r 
r g t t g t t g t t g g g g g g g t t t t t t t g t t t t t t g t t g t t g g g g g g g r 
r s t t g g g g t t t t t t t t g g g g g g g g g t g g g g g g g g g t t g t t t t t s r
r r r r r r r r r r r r r r r r r r r r r r r r r r r r r r r r r r r r r r r r r r r r r

com.github.TheDwoon.robots.game.items.Star 22 15
com.github.TheDwoon.robots.game.items.Star 4 4
com.github.TheDwoon.robots.game.items.Star 41 25
com.github.TheDwoon.robots.game.items.Star 5 24
com.github.TheDwoon.robots.game.items.Star 40 5